// Jest Snapshot v1, https://goo.gl/fbAQLP

exports[`PatientList component specs should render correctly using snapshot testing with PatientsList empty 1`] = `
<DocumentFragment>
  <div
    class="md:w-1/2 lg:w-3/5 md:h-screen overflow-y-scroll"
  >
    <h2
      class="font-black text-3xl text-center"
    >
      No Patients
    </h2>
    <p
      class="text-xl mt-5 mb-10 text-center"
    >
      Start adding patients and 
      <span
        class="text-indigo-600 font-bold"
      >
        they will be displayed here
      </span>
    </p>
  </div>
</DocumentFragment>
`;

exports[`PatientList component specs should render correctly using snapshot testing with PatientsList filled 1`] = `
<DocumentFragment>
  <div
    class="md:w-1/2 lg:w-3/5 md:h-screen overflow-y-scroll"
  >
    <h2
      class="font-black text-3xl text-center"
    >
      Patients List
    </h2>
    <p
      class="text-xl mt-5 mb-10 text-center"
    >
      Admin your 
      <span
        class="text-indigo-600 font-bold"
      >
        Patients & Appointments
      </span>
    </p>
    <div
      class="my-5 mx-5 bg-white shadow-md px-5 py-10 rounded-xl"
    >
      <p
        class="font-bold mb-3 text-gray-700 uppercase"
      >
        Nombre : 
        <span
          class="font-normal normal-case"
        >
          Test Name A
        </span>
      </p>
      <p
        class="font-bold mb-3 text-gray-700 uppercase"
      >
        Owner Name : 
        <span
          class="font-normal normal-case"
        >
          Test Owner A
        </span>
      </p>
      <p
        class="font-bold mb-3 text-gray-700 uppercase"
      >
        Email Address : 
        <span
          class="font-normal normal-case"
        >
          testA@test.com
        </span>
      </p>
      <p
        class="font-bold mb-3 text-gray-700 uppercase"
      >
        DISCHARGE DATE : 
        <span
          class="font-normal normal-case"
        >
          2010-01-01
        </span>
      </p>
      <p
        class="font-bold mb-3 text-gray-700 uppercase"
      >
        Reason for visit : 
        <span
          class="font-normal normal-case"
        >
          Test Reason A
        </span>
      </p>
      <div
        class="flex flex-row justify-between mt-8"
      >
        <button
          class="py-2 px-10 mb-2 bg-amber-500 hover:bg-amber-700 text-white font-bold uppercase rounded-lg"
          type="button"
        >
          Edit
        </button>
        <button
          class="py-2 px-10 mb-2 bg-red-500 hover:bg-red-700 text-white font-bold uppercase rounded-lg"
          type="button"
        >
          Delete
        </button>
      </div>
    </div>
    <div
      class="my-5 mx-5 bg-white shadow-md px-5 py-10 rounded-xl"
    >
      <p
        class="font-bold mb-3 text-gray-700 uppercase"
      >
        Nombre : 
        <span
          class="font-normal normal-case"
        >
          Test Name B
        </span>
      </p>
      <p
        class="font-bold mb-3 text-gray-700 uppercase"
      >
        Owner Name : 
        <span
          class="font-normal normal-case"
        >
          Test Owner B
        </span>
      </p>
      <p
        class="font-bold mb-3 text-gray-700 uppercase"
      >
        Email Address : 
        <span
          class="font-normal normal-case"
        >
          testb@test.com
        </span>
      </p>
      <p
        class="font-bold mb-3 text-gray-700 uppercase"
      >
        DISCHARGE DATE : 
        <span
          class="font-normal normal-case"
        >
          2011-01-01
        </span>
      </p>
      <p
        class="font-bold mb-3 text-gray-700 uppercase"
      >
        Reason for visit : 
        <span
          class="font-normal normal-case"
        >
          Test Reason B
        </span>
      </p>
      <div
        class="flex flex-row justify-between mt-8"
      >
        <button
          class="py-2 px-10 mb-2 bg-amber-500 hover:bg-amber-700 text-white font-bold uppercase rounded-lg"
          type="button"
        >
          Edit
        </button>
        <button
          class="py-2 px-10 mb-2 bg-red-500 hover:bg-red-700 text-white font-bold uppercase rounded-lg"
          type="button"
        >
          Delete
        </button>
      </div>
    </div>
  </div>
</DocumentFragment>
`;
